Archive member included to satisfy reference by file (symbol)

c:/progra~2/gcc-ar~1.10/bin/../lib/gcc/arm-none-eabi/10.3.1/../../../../arm-none-eabi/lib/thumb/v7-m/nofp\libm.a(lib_a-wf_atan2.o)
                              CMakeFiles/Nucleo_F103_Template.elf.dir/Drivers/STM32F1xx_HAL_Driver/Src/hmc5883.c.obj (atan2f)
c:/progra~2/gcc-ar~1.10/bin/../lib/gcc/arm-none-eabi/10.3.1/../../../../arm-none-eabi/lib/thumb/v7-m/nofp\libm.a(lib_a-ef_atan2.o)
                              c:/progra~2/gcc-ar~1.10/bin/../lib/gcc/arm-none-eabi/10.3.1/../../../../arm-none-eabi/lib/thumb/v7-m/nofp\libm.a(lib_a-wf_atan2.o) (__ieee754_atan2f)
c:/progra~2/gcc-ar~1.10/bin/../lib/gcc/arm-none-eabi/10.3.1/../../../../arm-none-eabi/lib/thumb/v7-m/nofp\libm.a(lib_a-sf_atan.o)
                              c:/progra~2/gcc-ar~1.10/bin/../lib/gcc/arm-none-eabi/10.3.1/../../../../arm-none-eabi/lib/thumb/v7-m/nofp\libm.a(lib_a-ef_atan2.o) (atanf)
c:/progra~2/gcc-ar~1.10/bin/../lib/gcc/arm-none-eabi/10.3.1/../../../../arm-none-eabi/lib/thumb/v7-m/nofp\libm.a(lib_a-sf_fabs.o)
                              c:/progra~2/gcc-ar~1.10/bin/../lib/gcc/arm-none-eabi/10.3.1/../../../../arm-none-eabi/lib/thumb/v7-m/nofp\libm.a(lib_a-ef_atan2.o) (fabsf)
c:/progra~2/gcc-ar~1.10/bin/../lib/gcc/arm-none-eabi/10.3.1/../../../../arm-none-eabi/lib/thumb/v7-m/nofp\libc.a(lib_a-exit.o)
                              c:/progra~2/gcc-ar~1.10/bin/../lib/gcc/arm-none-eabi/10.3.1/../../../../arm-none-eabi/lib/thumb/v7-m/nofp/crt0.o (exit)
c:/progra~2/gcc-ar~1.10/bin/../lib/gcc/arm-none-eabi/10.3.1/../../../../arm-none-eabi/lib/thumb/v7-m/nofp\libc.a(lib_a-impure.o)
                              c:/progra~2/gcc-ar~1.10/bin/../lib/gcc/arm-none-eabi/10.3.1/../../../../arm-none-eabi/lib/thumb/v7-m/nofp\libc.a(lib_a-exit.o) (_global_impure_ptr)
c:/progra~2/gcc-ar~1.10/bin/../lib/gcc/arm-none-eabi/10.3.1/../../../../arm-none-eabi/lib/thumb/v7-m/nofp\libc.a(lib_a-init.o)
                              c:/progra~2/gcc-ar~1.10/bin/../lib/gcc/arm-none-eabi/10.3.1/../../../../arm-none-eabi/lib/thumb/v7-m/nofp/crt0.o (__libc_init_array)
c:/progra~2/gcc-ar~1.10/bin/../lib/gcc/arm-none-eabi/10.3.1/../../../../arm-none-eabi/lib/thumb/v7-m/nofp\libc.a(lib_a-memset.o)
                              c:/progra~2/gcc-ar~1.10/bin/../lib/gcc/arm-none-eabi/10.3.1/../../../../arm-none-eabi/lib/thumb/v7-m/nofp/crt0.o (memset)
c:/progra~2/gcc-ar~1.10/bin/../lib/gcc/arm-none-eabi/10.3.1/../../../../arm-none-eabi/lib/thumb/v7-m/nofp\libc.a(lib_a-__call_atexit.o)
                              c:/progra~2/gcc-ar~1.10/bin/../lib/gcc/arm-none-eabi/10.3.1/../../../../arm-none-eabi/lib/thumb/v7-m/nofp\libc.a(lib_a-exit.o) (__call_exitprocs)
c:/progra~2/gcc-ar~1.10/bin/../lib/gcc/arm-none-eabi/10.3.1/../../../../arm-none-eabi/lib/thumb/v7-m/nofp\libc.a(lib_a-atexit.o)
                              c:/progra~2/gcc-ar~1.10/bin/../lib/gcc/arm-none-eabi/10.3.1/../../../../arm-none-eabi/lib/thumb/v7-m/nofp\libc.a(lib_a-__call_atexit.o) (atexit)
c:/progra~2/gcc-ar~1.10/bin/../lib/gcc/arm-none-eabi/10.3.1/../../../../arm-none-eabi/lib/thumb/v7-m/nofp\libc.a(lib_a-fini.o)
                              c:/progra~2/gcc-ar~1.10/bin/../lib/gcc/arm-none-eabi/10.3.1/../../../../arm-none-eabi/lib/thumb/v7-m/nofp\libc.a(lib_a-__call_atexit.o) (__libc_fini_array)
c:/progra~2/gcc-ar~1.10/bin/../lib/gcc/arm-none-eabi/10.3.1/../../../../arm-none-eabi/lib/thumb/v7-m/nofp\libc.a(lib_a-lock.o)
                              c:/progra~2/gcc-ar~1.10/bin/../lib/gcc/arm-none-eabi/10.3.1/../../../../arm-none-eabi/lib/thumb/v7-m/nofp\libc.a(lib_a-__call_atexit.o) (__retarget_lock_acquire_recursive)
c:/progra~2/gcc-ar~1.10/bin/../lib/gcc/arm-none-eabi/10.3.1/../../../../arm-none-eabi/lib/thumb/v7-m/nofp\libc.a(lib_a-__atexit.o)
                              c:/progra~2/gcc-ar~1.10/bin/../lib/gcc/arm-none-eabi/10.3.1/../../../../arm-none-eabi/lib/thumb/v7-m/nofp\libc.a(lib_a-atexit.o) (__register_exitproc)
c:/progra~2/gcc-ar~1.10/bin/../lib/gcc/arm-none-eabi/10.3.1/../../../../arm-none-eabi/lib/thumb/v7-m/nofp\libnosys.a(_exit.o)
                              c:/progra~2/gcc-ar~1.10/bin/../lib/gcc/arm-none-eabi/10.3.1/../../../../arm-none-eabi/lib/thumb/v7-m/nofp\libc.a(lib_a-exit.o) (_exit)
c:/progra~2/gcc-ar~1.10/bin/../lib/gcc/arm-none-eabi/10.3.1/thumb/v7-m/nofp\libgcc.a(_arm_muldf3.o)
                              CMakeFiles/Nucleo_F103_Template.elf.dir/Drivers/STM32F1xx_HAL_Driver/Src/hmc5883.c.obj (__aeabi_dmul)
c:/progra~2/gcc-ar~1.10/bin/../lib/gcc/arm-none-eabi/10.3.1/thumb/v7-m/nofp\libgcc.a(_arm_mulsf3.o)
                              CMakeFiles/Nucleo_F103_Template.elf.dir/Drivers/STM32F1xx_HAL_Driver/Src/hmc5883.c.obj (__aeabi_fmul)
c:/progra~2/gcc-ar~1.10/bin/../lib/gcc/arm-none-eabi/10.3.1/thumb/v7-m/nofp\libgcc.a(_arm_addsubdf3.o)
                              CMakeFiles/Nucleo_F103_Template.elf.dir/Drivers/STM32F1xx_HAL_Driver/Src/hmc5883.c.obj (__aeabi_f2d)
[...]
Memory Configuration

Name             Origin             Length             Attributes
FLASH            0x08000000         0x00020000         xr
RAM              0x20000000         0x00005000         xrw
*default*        0x00000000         0xffffffff

Linker script and memory map

LOAD c:/progra~2/gcc-ar~1.10/bin/../lib/gcc/arm-none-eabi/10.3.1/thumb/v7-m/nofp/crti.o
LOAD c:/progra~2/gcc-ar~1.10/bin/../lib/gcc/arm-none-eabi/10.3.1/thumb/v7-m/nofp/crtbegin.o
LOAD c:/progra~2/gcc-ar~1.10/bin/../lib/gcc/arm-none-eabi/10.3.1/../../../../arm-none-eabi/lib/thumb/v7-m/nofp/crt0.o
LOAD CMakeFiles/Nucleo_F103_Template.elf.dir/Drivers/CMSIS/Device/startup_stm32f103xb.s.obj
LOAD CMakeFiles/Nucleo_F103_Template.elf.dir/Drivers/CMSIS/Device/system_stm32f1xx.c.obj
LOAD CMakeFiles/Nucleo_F103_Template.elf.dir/Drivers/STM32F1xx_HAL_Driver/Src/stm32f1xx_hal.c.obj
LOAD CMakeFiles/Nucleo_F103_Template.elf.dir/Drivers/STM32F1xx_HAL_Driver/Src/stm32f1xx_hal_rcc.c.obj
LOAD CMakeFiles/Nucleo_F103_Template.elf.dir/Drivers/STM32F1xx_HAL_Driver/Src/stm32f1xx_hal_gpio.c.obj
LOAD CMakeFiles/Nucleo_F103_Template.elf.dir/Drivers/STM32F1xx_HAL_Driver/Src/stm32f1xx_hal_tim.c.obj
LOAD CMakeFiles/Nucleo_F103_Template.elf.dir/Drivers/STM32F1xx_HAL_Driver/Src/stm32f1xx_hal_tim_ex.c.obj
LOAD CMakeFiles/Nucleo_F103_Template.elf.dir/Drivers/STM32F1xx_HAL_Driver/Src/stm32f1xx_hal_uart.c.obj
LOAD CMakeFiles/Nucleo_F103_Template.elf.dir/Drivers/STM32F1xx_HAL_Driver/Src/stm32f1xx_hal_dma.c.obj
LOAD CMakeFiles/Nucleo_F103_Template.elf.dir/Drivers/STM32F1xx_HAL_Driver/Src/stm32f1xx_hal_cortex.c.obj
LOAD CMakeFiles/Nucleo_F103_Template.elf.dir/Drivers/STM32F1xx_HAL_Driver/Src/stm32f1xx_hal_exti.c.obj
LOAD CMakeFiles/Nucleo_F103_Template.elf.dir/Drivers/STM32F1xx_HAL_Driver/Src/stm32f1xx_hal_flash.c.obj
LOAD CMakeFiles/Nucleo_F103_Template.elf.dir/Drivers/STM32F1xx_HAL_Driver/Src/stm32f1xx_hal_adc.c.obj
LOAD CMakeFiles/Nucleo_F103_Template.elf.dir/Drivers/STM32F1xx_HAL_Driver/Src/stm32f1xx_hal_adc_ex.c.obj
LOAD CMakeFiles/Nucleo_F103_Template.elf.dir/Drivers/STM32F1xx_HAL_Driver/Src/stm32f1xx_hal_rcc_ex.c.obj
LOAD CMakeFiles/Nucleo_F103_Template.elf.dir/Drivers/STM32F1xx_HAL_Driver/Src/stm32f1xx_hal_i2c.c.obj
LOAD CMakeFiles/Nucleo_F103_Template.elf.dir/Drivers/STM32F1xx_HAL_Driver/Src/DWT_Delay.c.obj
LOAD CMakeFiles/Nucleo_F103_Template.elf.dir/Drivers/STM32F1xx_HAL_Driver/Src/LCD_i2c.c.obj
LOAD CMakeFiles/Nucleo_F103_Template.elf.dir/Drivers/STM32F1xx_HAL_Driver/Src/hmc5883.c.obj
LOAD CMakeFiles/Nucleo_F103_Template.elf.dir/Core/Src/stm32f1xx_hal_msp.c.obj
LOAD CMakeFiles/Nucleo_F103_Template.elf.dir/Core/Src/stm32f1xx_it.c.obj
LOAD CMakeFiles/Nucleo_F103_Template.elf.dir/Core/Src/main.c.obj
LOAD c:/progra~2/gcc-ar~1.10/bin/../lib/gcc/arm-none-eabi/10.3.1/../../../../arm-none-eabi/lib/thumb/v7-m/nofp\libm.a
LOAD c:/progra~2/gcc-ar~1.10/bin/../lib/gcc/arm-none-eabi/10.3.1/../../../../arm-none-eabi/lib/thumb/v7-m/nofp\libc.a
LOAD c:/progra~2/gcc-ar~1.10/bin/../lib/gcc/arm-none-eabi/10.3.1/../../../../arm-none-eabi/lib/thumb/v7-m/nofp\libnosys.a
START GROUP
LOAD c:/progra~2/gcc-ar~1.10/bin/../lib/gcc/arm-none-eabi/10.3.1/thumb/v7-m/nofp\libgcc.a
LOAD c:/progra~2/gcc-ar~1.10/bin/../lib/gcc/arm-none-eabi/10.3.1/../../../../arm-none-eabi/lib/thumb/v7-m/nofp\libg.a
LOAD c:/progra~2/gcc-ar~1.10/bin/../lib/gcc/arm-none-eabi/10.3.1/../../../../arm-none-eabi/lib/thumb/v7-m/nofp\libc.a
END GROUP
LOAD c:/progra~2/gcc-ar~1.10/bin/../lib/gcc/arm-none-eabi/10.3.1/thumb/v7-m/nofp/crtend.o
LOAD c:/progra~2/gcc-ar~1.10/bin/../lib/gcc/arm-none-eabi/10.3.1/thumb/v7-m/nofp/crtn.o
                0x20004fff                _estack = 0x20004fff
                0x00000400                _Min_Heap_Size = 0x400
                0x00000800                _Min_Stack_Size = 0x800

.isr_vector     0x08000000      0x10c
                0x08000000                . = ALIGN (0x4)
 *(.isr_vector)
 .isr_vector    0x08000000      0x10c CMakeFiles/Nucleo_F103_Template.elf.dir/Drivers/CMSIS/Device/startup_stm32f103xb.s.obj
                0x08000000                g_pfnVectors
                0x0800010c                . = ALIGN (0x4)

.text           0x0800010c     0x1a04
                0x0800010c                . = ALIGN (0x4)
 *(.text)
 .text          0x0800010c       0x40 c:/progra~2/gcc-ar~1.10/bin/../lib/gcc/arm-none-eabi/10.3.1/thumb/v7-m/nofp/crtbegin.o
 *(.text*)
 .text.Reset_Handler
                0x0800014c       0x48 CMakeFiles/Nucleo_F103_Template.elf.dir/Drivers/CMSIS/Device/startup_stm32f103xb.s.obj
                0x0800014c                Reset_Handler
 .text.Default_Handler
                0x08000194        0x2 CMakeFiles/Nucleo_F103_Template.elf.dir/Drivers/CMSIS/Device/startup_stm32f103xb.s.obj
                0x08000194                RTC_Alarm_IRQHandler
                0x08000194                EXTI2_IRQHandler
                0x08000194                TIM1_CC_IRQHandler
                0x08000194                PVD_IRQHandler
                0x08000194                EXTI3_IRQHandler
                0x08000194                EXTI0_IRQHandler
                0x08000194                I2C2_EV_IRQHandler
                0x08000194                ADC1_2_IRQHandler
                0x08000194                SPI1_IRQHandler
                0x08000194                TAMPER_IRQHandler
                0x08000194                DMA1_Channel4_IRQHandler
                0x08000194                USART3_IRQHandler
                0x08000194                RTC_IRQHandler
                0x08000194                DMA1_Channel7_IRQHandler
                0x08000194                CAN1_RX1_IRQHandler
                0x08000194                TIM4_IRQHandler
                0x08000194                I2C1_EV_IRQHandler
                0x08000194                DMA1_Channel6_IRQHandler
                0x08000194                TIM3_IRQHandler
                0x08000194                RCC_IRQHandler
                0x08000194                TIM1_TRG_COM_IRQHandler
                0x08000194                DMA1_Channel1_IRQHandler
                0x08000194                Default_Handler
                0x08000194                EXTI9_5_IRQHandler
                0x08000194                SPI2_IRQHandler
                0x08000194                DMA1_Channel5_IRQHandler
                0x08000194                EXTI4_IRQHandler
                0x08000194                USB_LP_CAN1_RX0_IRQHandler
                0x08000194                USB_HP_CAN1_TX_IRQHandler
                0x08000194                DMA1_Channel3_IRQHandler
                0x08000194                TIM1_UP_IRQHandler
                0x08000194                WWDG_IRQHandler
                0x08000194                TIM2_IRQHandler
                0x08000194                TIM1_BRK_IRQHandler
                0x08000194                USART2_IRQHandler
                0x08000194                I2C2_ER_IRQHandler
                0x08000194                DMA1_Channel2_IRQHandler
                0x08000194                CAN1_SCE_IRQHandler
                0x08000194                FLASH_IRQHandler
                0x08000194                USART1_IRQHandler
                0x08000194                I2C1_ER_IRQHandler
                0x08000194                USBWakeUp_IRQHandler
 *fill*         0x08000196        0x2 
 .text.SystemInit
                0x08000198       0x4c CMakeFiles/Nucleo_F103_Template.elf.dir/Drivers/CMSIS/Device/system_stm32f1xx.c.obj
                0x08000198                SystemInit
 .text.HAL_InitTick
                0x080001e4       0x4c CMakeFiles/Nucleo_F103_Template.elf.dir/Drivers/STM32F1xx_HAL_Driver/Src/stm32f1xx_hal.c.obj
                0x080001e4                HAL_InitTick
 .text.HAL_Init
                0x08000230       0x24 CMakeFiles/Nucleo_F103_Template.elf.dir/Drivers/STM32F1xx_HAL_Driver/Src/stm32f1xx_hal.c.obj
                0x08000230                HAL_Init
 .text.HAL_IncTick
                0x08000254       0x18 CMakeFiles/Nucleo_F103_Template.elf.dir/Drivers/STM32F1xx_HAL_Driver/Src/stm32f1xx_hal.c.obj
                0x08000254                HAL_IncTick
 .text.HAL_GetTick
                0x0800026c        0xc CMakeFiles/Nucleo_F103_Template.elf.dir/Drivers/STM32F1xx_HAL_Driver/Src/stm32f1xx_hal.c.obj
                0x0800026c                HAL_GetTick
 .text.RCC_Delay
                0x08000278       0x2c CMakeFiles/Nucleo_F103_Template.elf.dir/Drivers/STM32F1xx_HAL_Driver/Src/stm32f1xx_hal_rcc.c.obj
 .text.HAL_RCC_OscConfig
                0x080002a4      0x410 CMakeFiles/Nucleo_F103_Template.elf.dir/Drivers/STM32F1xx_HAL_Driver/Src/stm32f1xx_hal_rcc.c.obj
                0x080002a4                HAL_RCC_OscConfig
 .text.HAL_RCC_GetSysClockFreq
                0x080006b4       0x7c CMakeFiles/Nucleo_F103_Template.elf.dir/Drivers/STM32F1xx_HAL_Driver/Src/stm32f1xx_hal_rcc.c.obj
                0x080006b4                HAL_RCC_GetSysClockFreq
 .text.HAL_RCC_ClockConfig
                0x08000730      0x16c CMakeFiles/Nucleo_F103_Template.elf.dir/Drivers/STM32F1xx_HAL_Driver/Src/stm32f1xx_hal_rcc.c.obj
                0x08000730                HAL_RCC_ClockConfig
 .text.HAL_RCC_GetHCLKFreq
                0x0800089c        0xc CMakeFiles/Nucleo_F103_Template.elf.dir/Drivers/STM32F1xx_HAL_Driver/Src/stm32f1xx_hal_rcc.c.obj
                0x0800089c                HAL_RCC_GetHCLKFreq
 .text.HAL_RCC_GetPCLK1Freq
                0x080008a8       0x20 CMakeFiles/Nucleo_F103_Template.elf.dir/Drivers/STM32F1xx_HAL_Driver/Src/stm32f1xx_hal_rcc.c.obj
                0x080008a8                HAL_RCC_GetPCLK1Freq
 .text.HAL_RCC_GetPCLK2Freq
                0x080008c8       0x20 CMakeFiles/Nucleo_F103_Template.elf.dir/Drivers/STM32F1xx_HAL_Driver/Src/stm32f1xx_hal_rcc.c.obj
                0x080008c8                HAL_RCC_GetPCLK2Freq
 .text.HAL_GPIO_Init
                0x080008e8      0x224 CMakeFiles/Nucleo_F103_Template.elf.dir/Drivers/STM32F1xx_HAL_Driver/Src/stm32f1xx_hal_gpio.c.obj
                0x080008e8                HAL_GPIO_Init
 .text.HAL_GPIO_EXTI_Callback
                0x08000b0c        0x2 CMakeFiles/Nucleo_F103_Template.elf.dir/Drivers/STM32F1xx_HAL_Driver/Src/stm32f1xx_hal_gpio.c.obj
                0x08000b0c                HAL_GPIO_EXTI_Callback
 *fill*         0x08000b0e        0x2 
 .text.HAL_GPIO_EXTI_IRQHandler
                0x08000b10       0x1c CMakeFiles/Nucleo_F103_Template.elf.dir/Drivers/STM32F1xx_HAL_Driver/Src/stm32f1xx_hal_gpio.c.obj
                0x08000b10                HAL_GPIO_EXTI_IRQHandler
 .text.TIM_OC1_SetConfig
                0x08000b2c       0x5c CMakeFiles/Nucleo_F103_Template.elf.dir/Drivers/STM32F1xx_HAL_Driver/Src/stm32f1xx_hal_tim.c.obj
 .text.TIM_OC3_SetConfig
                0x08000b88       0x64 CMakeFiles/Nucleo_F103_Template.elf.dir/Drivers/STM32F1xx_HAL_Driver/Src/stm32f1xx_hal_tim.c.obj
 .text.TIM_OC4_SetConfig
                0x08000bec       0x48 CMakeFiles/Nucleo_F103_Template.elf.dir/Drivers/STM32F1xx_HAL_Driver/Src/stm32f1xx_hal_tim.c.obj
 .text.TIM_Base_SetConfig
                0x08000c34       0x74 CMakeFiles/Nucleo_F103_Template.elf.dir/Drivers/STM32F1xx_HAL_Driver/Src/stm32f1xx_hal_tim.c.obj
                0x08000c34                TIM_Base_SetConfig
 .text.HAL_TIM_PWM_Init
                0x08000ca8       0x58 CMakeFiles/Nucleo_F103_Template.elf.dir/Drivers/STM32F1xx_HAL_Driver/Src/stm32f1xx_hal_tim.c.obj
                0x08000ca8                HAL_TIM_PWM_Init
 .text.TIM_OC2_SetConfig
                0x08000d00       0x64 CMakeFiles/Nucleo_F103_Template.elf.dir/Drivers/STM32F1xx_HAL_Driver/Src/stm32f1xx_hal_tim.c.obj
                0x08000d00                TIM_OC2_SetConfig
 .text.HAL_TIM_PWM_ConfigChannel
                0x08000d64       0xd0 CMakeFiles/Nucleo_F103_Template.elf.dir/Drivers/STM32F1xx_HAL_Driver/Src/stm32f1xx_hal_tim.c.obj
                0x08000d64                HAL_TIM_PWM_ConfigChannel
 .text.UART_SetConfig
                0x08000e34       0x94 CMakeFiles/Nucleo_F103_Template.elf.dir/Drivers/STM32F1xx_HAL_Driver/Src/stm32f1xx_hal_uart.c.obj
 .text.UART_WaitOnFlagUntilTimeout
                0x08000ec8       0x6c CMakeFiles/Nucleo_F103_Template.elf.dir/Drivers/STM32F1xx_HAL_Driver/Src/stm32f1xx_hal_uart.c.obj
 .text.HAL_UART_Init
                0x08000f34       0x5e CMakeFiles/Nucleo_F103_Template.elf.dir/Drivers/STM32F1xx_HAL_Driver/Src/stm32f1xx_hal_uart.c.obj
                0x08000f34                HAL_UART_Init
 .text.HAL_UART_Transmit
                0x08000f92       0xd8 CMakeFiles/Nucleo_F103_Template.elf.dir/Drivers/STM32F1xx_HAL_Driver/Src/stm32f1xx_hal_uart.c.obj
                0x08000f92                HAL_UART_Transmit
 *fill*         0x0800106a        0x2 
 .text.HAL_NVIC_SetPriorityGrouping
                0x0800106c       0x24 CMakeFiles/Nucleo_F103_Template.elf.dir/Drivers/STM32F1xx_HAL_Driver/Src/stm32f1xx_hal_cortex.c.obj
                0x0800106c                HAL_NVIC_SetPriorityGrouping
 .text.HAL_NVIC_SetPriority
                0x08001090       0x70 CMakeFiles/Nucleo_F103_Template.elf.dir/Drivers/STM32F1xx_HAL_Driver/Src/stm32f1xx_hal_cortex.c.obj
                0x08001090                HAL_NVIC_SetPriority
 .text.HAL_NVIC_EnableIRQ
                0x08001100       0x1c CMakeFiles/Nucleo_F103_Template.elf.dir/Drivers/STM32F1xx_HAL_Driver/Src/stm32f1xx_hal_cortex.c.obj
                0x08001100                HAL_NVIC_EnableIRQ
 .text.HAL_SYSTICK_Config
                0x0800111c       0x28 CMakeFiles/Nucleo_F103_Template.elf.dir/Drivers/STM32F1xx_HAL_Driver/Src/stm32f1xx_hal_cortex.c.obj
                0x0800111c                HAL_SYSTICK_Config
 .text.HAL_ADC_ConfigChannel
                0x08001144      0x144 CMakeFiles/Nucleo_F103_Template.elf.dir/Drivers/STM32F1xx_HAL_Driver/Src/stm32f1xx_hal_adc.c.obj
                0x08001144                HAL_ADC_ConfigChannel
 .text.ADC_ConversionStop_Disable
                0x08001288       0x56 CMakeFiles/Nucleo_F103_Template.elf.dir/Drivers/STM32F1xx_HAL_Driver/Src/stm32f1xx_hal_adc.c.obj
                0x08001288                ADC_ConversionStop_Disable
 *fill*         0x080012de        0x2 
 .text.HAL_ADC_Init
                0x080012e0      0x108 CMakeFiles/Nucleo_F103_Template.elf.dir/Drivers/STM32F1xx_HAL_Driver/Src/stm32f1xx_hal_adc.c.obj
                0x080012e0                HAL_ADC_Init
 .text.HAL_I2C_Init
                0x080013e8      0x1bc CMakeFiles/Nucleo_F103_Template.elf.dir/Drivers/STM32F1xx_HAL_Driver/Src/stm32f1xx_hal_i2c.c.obj
                0x080013e8                HAL_I2C_Init
 .text.HAL_MspInit
                0x080015a4       0x44 CMakeFiles/Nucleo_F103_Template.elf.dir/Core/Src/stm32f1xx_hal_msp.c.obj
                0x080015a4                HAL_MspInit
 .text.HAL_ADC_MspInit
                0x080015e8       0x60 CMakeFiles/Nucleo_F103_Template.elf.dir/Core/Src/stm32f1xx_hal_msp.c.obj
                0x080015e8                HAL_ADC_MspInit
 .text.HAL_TIM_PWM_MspInit
                0x08001648       0x40 CMakeFiles/Nucleo_F103_Template.elf.dir/Core/Src/stm32f1xx_hal_msp.c.obj
                0x08001648                HAL_TIM_PWM_MspInit
 .text.HAL_UART_MspInit
                0x08001688       0x60 CMakeFiles/Nucleo_F103_Template.elf.dir/Core/Src/stm32f1xx_hal_msp.c.obj
                0x08001688                HAL_UART_MspInit
 .text.HAL_I2C_MspInit
                0x080016e8       0x64 CMakeFiles/Nucleo_F103_Template.elf.dir/Core/Src/stm32f1xx_hal_msp.c.obj
                0x080016e8                HAL_I2C_MspInit
 .text.NMI_Handler
                0x0800174c        0x2 CMakeFiles/Nucleo_F103_Template.elf.dir/Core/Src/stm32f1xx_it.c.obj
                0x0800174c                NMI_Handler
 .text.HardFault_Handler
                0x0800174e        0x2 CMakeFiles/Nucleo_F103_Template.elf.dir/Core/Src/stm32f1xx_it.c.obj
                0x0800174e                HardFault_Handler
 .text.MemManage_Handler
                0x08001750        0x2 CMakeFiles/Nucleo_F103_Template.elf.dir/Core/Src/stm32f1xx_it.c.obj
                0x08001750                MemManage_Handler
 .text.BusFault_Handler
                0x08001752        0x2 CMakeFiles/Nucleo_F103_Template.elf.dir/Core/Src/stm32f1xx_it.c.obj
                0x08001752                BusFault_Handler
 .text.UsageFault_Handler
                0x08001754        0x2 CMakeFiles/Nucleo_F103_Template.elf.dir/Core/Src/stm32f1xx_it.c.obj
                0x08001754                UsageFault_Handler
 .text.SVC_Handler
                0x08001756        0x2 CMakeFiles/Nucleo_F103_Template.elf.dir/Core/Src/stm32f1xx_it.c.obj
                0x08001756                SVC_Handler
 .text.DebugMon_Handler
                0x08001758        0x2 CMakeFiles/Nucleo_F103_Template.elf.dir/Core/Src/stm32f1xx_it.c.obj
                0x08001758                DebugMon_Handler
 .text.PendSV_Handler
                0x0800175a        0x2 CMakeFiles/Nucleo_F103_Template.elf.dir/Core/Src/stm32f1xx_it.c.obj
                0x0800175a                PendSV_Handler
 .text.SysTick_Handler
                0x0800175c        0x8 CMakeFiles/Nucleo_F103_Template.elf.dir/Core/Src/stm32f1xx_it.c.obj
                0x0800175c                SysTick_Handler
 .text.EXTI15_10_IRQHandler
                0x08001764        0xc CMakeFiles/Nucleo_F103_Template.elf.dir/Core/Src/stm32f1xx_it.c.obj
                0x08001764                EXTI15_10_IRQHandler
 .text.EXTI1_IRQHandler
                0x08001770        0xa CMakeFiles/Nucleo_F103_Template.elf.dir/Core/Src/stm32f1xx_it.c.obj
                0x08001770                EXTI1_IRQHandler
 *fill*         0x0800177a        0x2 
 .text.MX_TIM1_Init
                0x0800177c       0x44 CMakeFiles/Nucleo_F103_Template.elf.dir/Core/Src/main.c.obj
 .text.MX_ADC1_Init
                0x080017c0       0x48 CMakeFiles/Nucleo_F103_Template.elf.dir/Core/Src/main.c.obj
 .text.Error_Handler
                0x08001808        0x4 CMakeFiles/Nucleo_F103_Template.elf.dir/Core/Src/main.c.obj
                0x08001808                Error_Handler
 .text.MX_USART2_UART_Init
                0x0800180c       0x34 CMakeFiles/Nucleo_F103_Template.elf.dir/Core/Src/main.c.obj
 .text.MX_I2C1_Init
                0x08001840       0x38 CMakeFiles/Nucleo_F103_Template.elf.dir/Core/Src/main.c.obj
 .text.SystemClock_Config
                0x08001878       0x62 CMakeFiles/Nucleo_F103_Template.elf.dir/Core/Src/main.c.obj
                0x08001878                SystemClock_Config
 *fill*         0x080018da        0x2 
 .text.main     0x080018dc       0x50 CMakeFiles/Nucleo_F103_Template.elf.dir/Core/Src/main.c.obj
                0x080018dc                main
 .text.__libc_init_array
                0x0800192c       0x48 c:/progra~2/gcc-ar~1.10/bin/../lib/gcc/arm-none-eabi/10.3.1/../../../../arm-none-eabi/lib/thumb/v7-m/nofp\libc.a(lib_a-init.o)
                0x0800192c                __libc_init_array
 .text.memset   0x08001974       0xa4 c:/progra~2/gcc-ar~1.10/bin/../lib/gcc/arm-none-eabi/10.3.1/../../../../arm-none-eabi/lib/thumb/v7-m/nofp\libc.a(lib_a-memset.o)
                0x08001974                memset
 .text.startup.register_fini
                0x08001a18       0x14 c:/progra~2/gcc-ar~1.10/bin/../lib/gcc/arm-none-eabi/10.3.1/../../../../arm-none-eabi/lib/thumb/v7-m/nofp\libc.a(lib_a-__call_atexit.o)
 .text.atexit   0x08001a2c        0xc c:/progra~2/gcc-ar~1.10/bin/../lib/gcc/arm-none-eabi/10.3.1/../../../../arm-none-eabi/lib/thumb/v7-m/nofp\libc.a(lib_a-atexit.o)
                0x08001a2c                atexit
 .text.__libc_fini_array
                0x08001a38       0x2c c:/progra~2/gcc-ar~1.10/bin/../lib/gcc/arm-none-eabi/10.3.1/../../../../arm-none-eabi/lib/thumb/v7-m/nofp\libc.a(lib_a-fini.o)
                0x08001a38                __libc_fini_array
 .text.__retarget_lock_acquire_recursive
                0x08001a64        0x4 c:/progra~2/gcc-ar~1.10/bin/../lib/gcc/arm-none-eabi/10.3.1/../../../../arm-none-eabi/lib/thumb/v7-m/nofp\libc.a(lib_a-lock.o)
                0x08001a64                __retarget_lock_acquire_recursive
 .text.__retarget_lock_release_recursive
                0x08001a68        0x4 c:/progra~2/gcc-ar~1.10/bin/../lib/gcc/arm-none-eabi/10.3.1/../../../../arm-none-eabi/lib/thumb/v7-m/nofp\libc.a(lib_a-lock.o)
                0x08001a68                __retarget_lock_release_recursive
 .text.__register_exitproc
                0x08001a6c       0x8c c:/progra~2/gcc-ar~1.10/bin/../lib/gcc/arm-none-eabi/10.3.1/../../../../arm-none-eabi/lib/thumb/v7-m/nofp\libc.a(lib_a-__atexit.o)
                0x08001a6c                __register_exitproc
 *(.glue_7)
 .glue_7        0x08001af8        0x0 linker stubs
 *(.glue_7t)
 .glue_7t       0x08001af8        0x0 linker stubs
 *(.eh_frame)
 .eh_frame      0x08001af8        0x0 c:/progra~2/gcc-ar~1.10/bin/../lib/gcc/arm-none-eabi/10.3.1/thumb/v7-m/nofp/crtbegin.o
 *(.init)
 .init          0x08001af8        0x4 c:/progra~2/gcc-ar~1.10/bin/../lib/gcc/arm-none-eabi/10.3.1/thumb/v7-m/nofp/crti.o
                0x08001af8                _init
 .init          0x08001afc        0x8 c:/progra~2/gcc-ar~1.10/bin/../lib/gcc/arm-none-eabi/10.3.1/thumb/v7-m/nofp/crtn.o
 *(.fini)
 .fini          0x08001b04        0x4 c:/progra~2/gcc-ar~1.10/bin/../lib/gcc/arm-none-eabi/10.3.1/thumb/v7-m/nofp/crti.o
                0x08001b04                _fini
 .fini          0x08001b08        0x8 c:/progra~2/gcc-ar~1.10/bin/../lib/gcc/arm-none-eabi/10.3.1/thumb/v7-m/nofp/crtn.o
                0x08001b10                . = ALIGN (0x4)
                0x08001b10                _etext = .

.vfp11_veneer   0x08001b10        0x0
 .vfp11_veneer  0x08001b10        0x0 linker stubs

.v4_bx          0x08001b10        0x0
 .v4_bx         0x08001b10        0x0 linker stubs

.iplt           0x08001b10        0x0
 .iplt          0x08001b10        0x0 c:/progra~2/gcc-ar~1.10/bin/../lib/gcc/arm-none-eabi/10.3.1/thumb/v7-m/nofp/crtbegin.o

.rodata         0x08001b10       0x38
                0x08001b10                . = ALIGN (0x4)
 *(.rodata)
 *(.rodata*)
 .rodata.AHBPrescTable
                0x08001b10       0x10 CMakeFiles/Nucleo_F103_Template.elf.dir/Drivers/CMSIS/Device/system_stm32f1xx.c.obj
                0x08001b10                AHBPrescTable
 .rodata.APBPrescTable
                0x08001b20        0x8 CMakeFiles/Nucleo_F103_Template.elf.dir/Drivers/CMSIS/Device/system_stm32f1xx.c.obj
                0x08001b20                APBPrescTable
 .rodata.HAL_RCC_GetSysClockFreq.str1.4
                0x08001b28       0x11 CMakeFiles/Nucleo_F103_Template.elf.dir/Drivers/STM32F1xx_HAL_Driver/Src/stm32f1xx_hal_rcc.c.obj
 *fill*         0x08001b39        0x3 
 .rodata.main.str1.4
                0x08001b3c        0x8 CMakeFiles/Nucleo_F103_Template.elf.dir/Core/Src/main.c.obj
 .rodata._global_impure_ptr
                0x08001b44        0x4 c:/progra~2/gcc-ar~1.10/bin/../lib/gcc/arm-none-eabi/10.3.1/../../../../arm-none-eabi/lib/thumb/v7-m/nofp\libc.a(lib_a-impure.o)
                0x08001b44                _global_impure_ptr
                0x08001b48                . = ALIGN (0x4)

.rel.dyn        0x08001b48        0x0
 .rel.iplt      0x08001b48        0x0 c:/progra~2/gcc-ar~1.10/bin/../lib/gcc/arm-none-eabi/10.3.1/thumb/v7-m/nofp/crtbegin.o

.ARM.extab
 *(.ARM.extab* .gnu.linkonce.armextab.*)

.ARM            0x08001b48        0x0
                0x08001b48                __exidx_start = .
 *(.ARM.exidx*)
                0x08001b48                __exidx_end = .

.preinit_array  0x08001b48        0x0
                0x08001b48                PROVIDE (__preinit_array_start = .)
 *(.preinit_array*)
                0x08001b48                PROVIDE (__preinit_array_end = .)

.init_array     0x08001b48        0x8
                0x08001b48                PROVIDE (__init_array_start = .)
 *(SORT_BY_NAME(.init_array.*))
 .init_array.00000
                0x08001b48        0x4 c:/progra~2/gcc-ar~1.10/bin/../lib/gcc/arm-none-eabi/10.3.1/../../../../arm-none-eabi/lib/thumb/v7-m/nofp\libc.a(lib_a-__call_atexit.o)
 *(.init_array*)
 .init_array    0x08001b4c        0x4 c:/progra~2/gcc-ar~1.10/bin/../lib/gcc/arm-none-eabi/10.3.1/thumb/v7-m/nofp/crtbegin.o
                0x08001b50                PROVIDE (__init_array_end = .)

.fini_array     0x08001b50        0x4
                0x08001b50                PROVIDE (__fini_array_start = .)
 *(SORT_BY_NAME(.fini_array.*))
 *(.fini_array*)
 .fini_array    0x08001b50        0x4 c:/progra~2/gcc-ar~1.10/bin/../lib/gcc/arm-none-eabi/10.3.1/thumb/v7-m/nofp/crtbegin.o
                0x08001b54                PROVIDE (__fini_array_end = .)
                0x08001b54                _sidata = LOADADDR (.data)

.data           0x20000000      0x43c load address 0x08001b54
                0x20000000                . = ALIGN (0x4)
                0x20000000                _sdata = .
 *(.data)
 *(.data*)
 .data.SystemCoreClock
                0x20000000        0x4 CMakeFiles/Nucleo_F103_Template.elf.dir/Drivers/CMSIS/Device/system_stm32f1xx.c.obj
                0x20000000                SystemCoreClock
 .data.uwTickFreq
                0x20000004        0x1 CMakeFiles/Nucleo_F103_Template.elf.dir/Drivers/STM32F1xx_HAL_Driver/Src/stm32f1xx_hal.c.obj
                0x20000004                uwTickFreq
 *fill*         0x20000005        0x3 
 .data.uwTickPrio
                0x20000008        0x4 CMakeFiles/Nucleo_F103_Template.elf.dir/Drivers/STM32F1xx_HAL_Driver/Src/stm32f1xx_hal.c.obj
                0x20000008                uwTickPrio
 *fill*         0x2000000c        0x4 
 .data.impure_data
                0x20000010      0x428 c:/progra~2/gcc-ar~1.10/bin/../lib/gcc/arm-none-eabi/10.3.1/../../../../arm-none-eabi/lib/thumb/v7-m/nofp\libc.a(lib_a-impure.o)
 .data.__atexit_recursive_mutex
                0x20000438        0x4 c:/progra~2/gcc-ar~1.10/bin/../lib/gcc/arm-none-eabi/10.3.1/../../../../arm-none-eabi/lib/thumb/v7-m/nofp\libc.a(lib_a-__call_atexit.o)
                0x20000438                __atexit_recursive_mutex
                0x2000043c                . = ALIGN (0x4)
                0x2000043c                _edata = .

.igot.plt       0x2000043c        0x0 load address 0x08001f90
 .igot.plt      0x2000043c        0x0 c:/progra~2/gcc-ar~1.10/bin/../lib/gcc/arm-none-eabi/10.3.1/thumb/v7-m/nofp/crtbegin.o
                0x2000043c                . = ALIGN (0x4)

.bss            0x2000043c      0x138 load address 0x08001f90
                0x2000043c                _sbss = .
                0x2000043c                __bss_start__ = _sbss
 *(.bss)
 .bss           0x2000043c       0x1c c:/progra~2/gcc-ar~1.10/bin/../lib/gcc/arm-none-eabi/10.3.1/thumb/v7-m/nofp/crtbegin.o
 *(.bss*)
 .bss.uwTick    0x20000458        0x4 CMakeFiles/Nucleo_F103_Template.elf.dir/Drivers/STM32F1xx_HAL_Driver/Src/stm32f1xx_hal.c.obj
                0x20000458                uwTick
 .bss.hadc1     0x2000045c       0x30 CMakeFiles/Nucleo_F103_Template.elf.dir/Core/Src/main.c.obj
                0x2000045c                hadc1
 .bss.hi2c1     0x2000048c       0x54 CMakeFiles/Nucleo_F103_Template.elf.dir/Core/Src/main.c.obj
                0x2000048c                hi2c1
 .bss.htim1     0x200004e0       0x48 CMakeFiles/Nucleo_F103_Template.elf.dir/Core/Src/main.c.obj
                0x200004e0                htim1
 .bss.huart2    0x20000528       0x44 CMakeFiles/Nucleo_F103_Template.elf.dir/Core/Src/main.c.obj
                0x20000528                huart2
 .bss.time      0x2000056c        0x4 CMakeFiles/Nucleo_F103_Template.elf.dir/Core/Src/main.c.obj
                0x2000056c                time
 .bss.__lock___atexit_recursive_mutex
                0x20000570        0x1 c:/progra~2/gcc-ar~1.10/bin/../lib/gcc/arm-none-eabi/10.3.1/../../../../arm-none-eabi/lib/thumb/v7-m/nofp\libc.a(lib_a-lock.o)
                0x20000570                __lock___atexit_recursive_mutex
 *(COMMON)
                0x20000574                . = ALIGN (0x4)
 *fill*         0x20000571        0x3 
                0x20000574                _ebss = .
                0x20000574                __bss_end__ = _ebss

._user_heap_stack
                0x20000574      0xc04 load address 0x08001f90
                0x20000578                . = ALIGN (0x8)
 *fill*         0x20000574        0x4 
                [!provide]                PROVIDE (end = .)
                [!provide]                PROVIDE (_end = .)
                0x20000978                . = (. + _Min_Heap_Size)
 *fill*         0x20000578      0x400 
                0x20001178                . = (. + _Min_Stack_Size)
 *fill*         0x20000978      0x800 
                0x20001178                . = ALIGN (0x8)

/DISCARD/
 libc.a(*)
 libm.a(*)
 libgcc.a(*)

.ARM.attributes
                0x00000000       0x29
 *(.ARM.attributes)
 .ARM.attributes
                0x00000000       0x1d c:/progra~2/gcc-ar~1.10/bin/../lib/gcc/arm-none-eabi/10.3.1/thumb/v7-m/nofp/crti.o
 .ARM.attributes
                0x0000001d       0x2d c:/progra~2/gcc-ar~1.10/bin/../lib/gcc/arm-none-eabi/10.3.1/thumb/v7-m/nofp/crtbegin.o
 .ARM.attributes
                0x0000004a       0x21 CMakeFiles/Nucleo_F103_Template.elf.dir/Drivers/CMSIS/Device/startup_stm32f103xb.s.obj
 .ARM.attributes
                0x0000006b       0x2d CMakeFiles/Nucleo_F103_Template.elf.dir/Drivers/CMSIS/Device/system_stm32f1xx.c.obj
 .ARM.attributes
                0x00000098       0x2d CMakeFiles/Nucleo_F103_Template.elf.dir/Drivers/STM32F1xx_HAL_Driver/Src/stm32f1xx_hal.c.obj
 .ARM.attributes
                0x000000c5       0x2d CMakeFiles/Nucleo_F103_Template.elf.dir/Drivers/STM32F1xx_HAL_Driver/Src/stm32f1xx_hal_rcc.c.obj
 .ARM.attributes
                0x000000f2       0x2d CMakeFiles/Nucleo_F103_Template.elf.dir/Drivers/STM32F1xx_HAL_Driver/Src/stm32f1xx_hal_gpio.c.obj
 .ARM.attributes
                0x0000011f       0x2d CMakeFiles/Nucleo_F103_Template.elf.dir/Drivers/STM32F1xx_HAL_Driver/Src/stm32f1xx_hal_tim.c.obj
 .ARM.attributes
                0x0000014c       0x2d CMakeFiles/Nucleo_F103_Template.elf.dir/Drivers/STM32F1xx_HAL_Driver/Src/stm32f1xx_hal_uart.c.obj
 .ARM.attributes
                0x00000179       0x2d CMakeFiles/Nucleo_F103_Template.elf.dir/Drivers/STM32F1xx_HAL_Driver/Src/stm32f1xx_hal_cortex.c.obj
 .ARM.attributes
                0x000001a6       0x2d CMakeFiles/Nucleo_F103_Template.elf.dir/Drivers/STM32F1xx_HAL_Driver/Src/stm32f1xx_hal_adc.c.obj
 .ARM.attributes
                0x000001d3       0x2d CMakeFiles/Nucleo_F103_Template.elf.dir/Drivers/STM32F1xx_HAL_Driver/Src/stm32f1xx_hal_i2c.c.obj
 .ARM.attributes
                0x00000200       0x2d CMakeFiles/Nucleo_F103_Template.elf.dir/Core/Src/stm32f1xx_hal_msp.c.obj
 .ARM.attributes
                0x0000022d       0x2d CMakeFiles/Nucleo_F103_Template.elf.dir/Core/Src/stm32f1xx_it.c.obj
 .ARM.attributes
                0x0000025a       0x2d CMakeFiles/Nucleo_F103_Template.elf.dir/Core/Src/main.c.obj
 .ARM.attributes
                0x00000287       0x2d c:/progra~2/gcc-ar~1.10/bin/../lib/gcc/arm-none-eabi/10.3.1/../../../../arm-none-eabi/lib/thumb/v7-m/nofp\libc.a(lib_a-impure.o)
 .ARM.attributes
                0x000002b4       0x2d c:/progra~2/gcc-ar~1.10/bin/../lib/gcc/arm-none-eabi/10.3.1/../../../../arm-none-eabi/lib/thumb/v7-m/nofp\libc.a(lib_a-init.o)
 .ARM.attributes
                0x000002e1       0x2d c:/progra~2/gcc-ar~1.10/bin/../lib/gcc/arm-none-eabi/10.3.1/../../../../arm-none-eabi/lib/thumb/v7-m/nofp\libc.a(lib_a-memset.o)
 .ARM.attributes
                0x0000030e       0x2d c:/progra~2/gcc-ar~1.10/bin/../lib/gcc/arm-none-eabi/10.3.1/../../../../arm-none-eabi/lib/thumb/v7-m/nofp\libc.a(lib_a-__call_atexit.o)
 .ARM.attributes
                0x0000033b       0x2d c:/progra~2/gcc-ar~1.10/bin/../lib/gcc/arm-none-eabi/10.3.1/../../../../arm-none-eabi/lib/thumb/v7-m/nofp\libc.a(lib_a-atexit.o)
 .ARM.attributes
                0x00000368       0x2d c:/progra~2/gcc-ar~1.10/bin/../lib/gcc/arm-none-eabi/10.3.1/../../../../arm-none-eabi/lib/thumb/v7-m/nofp\libc.a(lib_a-fini.o)
 .ARM.attributes
                0x00000395       0x2d c:/progra~2/gcc-ar~1.10/bin/../lib/gcc/arm-none-eabi/10.3.1/../../../../arm-none-eabi/lib/thumb/v7-m/nofp\libc.a(lib_a-lock.o)
 .ARM.attributes
                0x000003c2       0x2d c:/progra~2/gcc-ar~1.10/bin/../lib/gcc/arm-none-eabi/10.3.1/../../../../arm-none-eabi/lib/thumb/v7-m/nofp\libc.a(lib_a-__atexit.o)
 .ARM.attributes
                0x000003ef       0x1d c:/progra~2/gcc-ar~1.10/bin/../lib/gcc/arm-none-eabi/10.3.1/thumb/v7-m/nofp/crtn.o
OUTPUT(Nucleo_F103_Template.elf elf32-littlearm)
LOAD linker stubs
LOAD c:/progra~2/gcc-ar~1.10/bin/../lib/gcc/arm-none-eabi/10.3.1/../../../../arm-none-eabi/lib/thumb/v7-m/nofp\libc.a
LOAD c:/progra~2/gcc-ar~1.10/bin/../lib/gcc/arm-none-eabi/10.3.1/../../../../arm-none-eabi/lib/thumb/v7-m/nofp\libm.a
LOAD c:/progra~2/gcc-ar~1.10/bin/../lib/gcc/arm-none-eabi/10.3.1/thumb/v7-m/nofp\libgcc.a

.debug_line     0x00000000     0xf9b4
 .debug_line    0x00000000       0xa4 CMakeFiles/Nucleo_F103_Template.elf.dir/Drivers/CMSIS/Device/startup_stm32f103xb.s.obj
 .debug_line    0x000000a4      0x26f CMakeFiles/Nucleo_F103_Template.elf.dir/Drivers/CMSIS/Device/system_stm32f1xx.c.obj
 .debug_line    0x00000313      0x53b CMakeFiles/Nucleo_F103_Template.elf.dir/Drivers/STM32F1xx_HAL_Driver/Src/stm32f1xx_hal.c.obj
 .debug_line    0x0000084e      0xc20 CMakeFiles/Nucleo_F103_Template.elf.dir/Drivers/STM32F1xx_HAL_Driver/Src/stm32f1xx_hal_rcc.c.obj
 .debug_line    0x0000146e      0x5d3 CMakeFiles/Nucleo_F103_Template.elf.dir/Drivers/STM32F1xx_HAL_Driver/Src/stm32f1xx_hal_gpio.c.obj
 .debug_line    0x00001a41     0x464e CMakeFiles/Nucleo_F103_Template.elf.dir/Drivers/STM32F1xx_HAL_Driver/Src/stm32f1xx_hal_tim.c.obj
 .debug_line    0x0000608f     0x20ab CMakeFiles/Nucleo_F103_Template.elf.dir/Drivers/STM32F1xx_HAL_Driver/Src/stm32f1xx_hal_uart.c.obj
 .debug_line    0x0000813a      0x629 CMakeFiles/Nucleo_F103_Template.elf.dir/Drivers/STM32F1xx_HAL_Driver/Src/stm32f1xx_hal_cortex.c.obj
 .debug_line    0x00008763      0xf22 CMakeFiles/Nucleo_F103_Template.elf.dir/Drivers/STM32F1xx_HAL_Driver/Src/stm32f1xx_hal_adc.c.obj
 .debug_line    0x00009685     0x566d CMakeFiles/Nucleo_F103_Template.elf.dir/Drivers/STM32F1xx_HAL_Driver/Src/stm32f1xx_hal_i2c.c.obj
 .debug_line    0x0000ecf2      0x4bd CMakeFiles/Nucleo_F103_Template.elf.dir/Core/Src/stm32f1xx_hal_msp.c.obj
 .debug_line    0x0000f1af      0x284 CMakeFiles/Nucleo_F103_Template.elf.dir/Core/Src/stm32f1xx_it.c.obj
 .debug_line    0x0000f433      0x581 CMakeFiles/Nucleo_F103_Template.elf.dir/Core/Src/main.c.obj

.debug_info     0x00000000     0xf4e0
 .debug_info    0x00000000       0x22 CMakeFiles/Nucleo_F103_Template.elf.dir/Drivers/CMSIS/Device/startup_stm32f103xb.s.obj
 .debug_info    0x00000022      0x403 CMakeFiles/Nucleo_F103_Template.elf.dir/Drivers/CMSIS/Device/system_stm32f1xx.c.obj
 .debug_info    0x00000425      0x7a8 CMakeFiles/Nucleo_F103_Template.elf.dir/Drivers/STM32F1xx_HAL_Driver/Src/stm32f1xx_hal.c.obj
 .debug_info    0x00000bcd      0xa36 CMakeFiles/Nucleo_F103_Template.elf.dir/Drivers/STM32F1xx_HAL_Driver/Src/stm32f1xx_hal_rcc.c.obj
 .debug_info    0x00001603      0x66f CMakeFiles/Nucleo_F103_Template.elf.dir/Drivers/STM32F1xx_HAL_Driver/Src/stm32f1xx_hal_gpio.c.obj
 .debug_info    0x00001c72     0x3b00 CMakeFiles/Nucleo_F103_Template.elf.dir/Drivers/STM32F1xx_HAL_Driver/Src/stm32f1xx_hal_tim.c.obj
 .debug_info    0x00005772     0x1c8b CMakeFiles/Nucleo_F103_Template.elf.dir/Drivers/STM32F1xx_HAL_Driver/Src/stm32f1xx_hal_uart.c.obj
 .debug_info    0x000073fd      0xd8a CMakeFiles/Nucleo_F103_Template.elf.dir/Drivers/STM32F1xx_HAL_Driver/Src/stm32f1xx_hal_cortex.c.obj
 .debug_info    0x00008187      0xf3a CMakeFiles/Nucleo_F103_Template.elf.dir/Drivers/STM32F1xx_HAL_Driver/Src/stm32f1xx_hal_adc.c.obj
 .debug_info    0x000090c1     0x3abe CMakeFiles/Nucleo_F103_Template.elf.dir/Drivers/STM32F1xx_HAL_Driver/Src/stm32f1xx_hal_i2c.c.obj
 .debug_info    0x0000cb7f     0x147e CMakeFiles/Nucleo_F103_Template.elf.dir/Core/Src/stm32f1xx_hal_msp.c.obj
 .debug_info    0x0000dffd      0x1a2 CMakeFiles/Nucleo_F103_Template.elf.dir/Core/Src/stm32f1xx_it.c.obj
 .debug_info    0x0000e19f     0x1341 CMakeFiles/Nucleo_F103_Template.elf.dir/Core/Src/main.c.obj

.debug_abbrev   0x00000000     0x192e
 .debug_abbrev  0x00000000       0x12 CMakeFiles/Nucleo_F103_Template.elf.dir/Drivers/CMSIS/Device/startup_stm32f103xb.s.obj
 .debug_abbrev  0x00000012      0x13e CMakeFiles/Nucleo_F103_Template.elf.dir/Drivers/CMSIS/Device/system_stm32f1xx.c.obj
 .debug_abbrev  0x00000150      0x1f4 CMakeFiles/Nucleo_F103_Template.elf.dir/Drivers/STM32F1xx_HAL_Driver/Src/stm32f1xx_hal.c.obj
 .debug_abbrev  0x00000344      0x27a CMakeFiles/Nucleo_F103_Template.elf.dir/Drivers/STM32F1xx_HAL_Driver/Src/stm32f1xx_hal_rcc.c.obj
 .debug_abbrev  0x000005be      0x1e6 CMakeFiles/Nucleo_F103_Template.elf.dir/Drivers/STM32F1xx_HAL_Driver/Src/stm32f1xx_hal_gpio.c.obj
 .debug_abbrev  0x000007a4      0x23e CMakeFiles/Nucleo_F103_Template.elf.dir/Drivers/STM32F1xx_HAL_Driver/Src/stm32f1xx_hal_tim.c.obj
 .debug_abbrev  0x000009e2      0x254 CMakeFiles/Nucleo_F103_Template.elf.dir/Drivers/STM32F1xx_HAL_Driver/Src/stm32f1xx_hal_uart.c.obj
 .debug_abbrev  0x00000c36      0x341 CMakeFiles/Nucleo_F103_Template.elf.dir/Drivers/STM32F1xx_HAL_Driver/Src/stm32f1xx_hal_cortex.c.obj
 .debug_abbrev  0x00000f77      0x1fc CMakeFiles/Nucleo_F103_Template.elf.dir/Drivers/STM32F1xx_HAL_Driver/Src/stm32f1xx_hal_adc.c.obj
 .debug_abbrev  0x00001173      0x293 CMakeFiles/Nucleo_F103_Template.elf.dir/Drivers/STM32F1xx_HAL_Driver/Src/stm32f1xx_hal_i2c.c.obj
 .debug_abbrev  0x00001406      0x220 CMakeFiles/Nucleo_F103_Template.elf.dir/Core/Src/stm32f1xx_hal_msp.c.obj
 .debug_abbrev  0x00001626       0xb7 CMakeFiles/Nucleo_F103_Template.elf.dir/Core/Src/stm32f1xx_it.c.obj
 .debug_abbrev  0x000016dd      0x251 CMakeFiles/Nucleo_F103_Template.elf.dir/Core/Src/main.c.obj

.debug_aranges  0x00000000      0xd30
 .debug_aranges
                0x00000000       0x28 CMakeFiles/Nucleo_F103_Template.elf.dir/Drivers/CMSIS/Device/startup_stm32f103xb.s.obj
 .debug_aranges
                0x00000028       0x28 CMakeFiles/Nucleo_F103_Template.elf.dir/Drivers/CMSIS/Device/system_stm32f1xx.c.obj
 .debug_aranges
                0x00000050       0xe0 CMakeFiles/Nucleo_F103_Template.elf.dir/Drivers/STM32F1xx_HAL_Driver/Src/stm32f1xx_hal.c.obj
 .debug_aranges
                0x00000130       0x90 CMakeFiles/Nucleo_F103_Template.elf.dir/Drivers/STM32F1xx_HAL_Driver/Src/stm32f1xx_hal_rcc.c.obj
 .debug_aranges
                0x000001c0       0x58 CMakeFiles/Nucleo_F103_Template.elf.dir/Drivers/STM32F1xx_HAL_Driver/Src/stm32f1xx_hal_gpio.c.obj
 .debug_aranges
                0x00000218      0x3d0 CMakeFiles/Nucleo_F103_Template.elf.dir/Drivers/STM32F1xx_HAL_Driver/Src/stm32f1xx_hal_tim.c.obj
 .debug_aranges
                0x000005e8      0x200 CMakeFiles/Nucleo_F103_Template.elf.dir/Drivers/STM32F1xx_HAL_Driver/Src/stm32f1xx_hal_uart.c.obj
 .debug_aranges
                0x000007e8       0x90 CMakeFiles/Nucleo_F103_Template.elf.dir/Drivers/STM32F1xx_HAL_Driver/Src/stm32f1xx_hal_cortex.c.obj
 .debug_aranges
                0x00000878       0xf0 CMakeFiles/Nucleo_F103_Template.elf.dir/Drivers/STM32F1xx_HAL_Driver/Src/stm32f1xx_hal_adc.c.obj
 .debug_aranges
                0x00000968      0x2a8 CMakeFiles/Nucleo_F103_Template.elf.dir/Drivers/STM32F1xx_HAL_Driver/Src/stm32f1xx_hal_i2c.c.obj
 .debug_aranges
                0x00000c10       0x60 CMakeFiles/Nucleo_F103_Template.elf.dir/Core/Src/stm32f1xx_hal_msp.c.obj
 .debug_aranges
                0x00000c70       0x70 CMakeFiles/Nucleo_F103_Template.elf.dir/Core/Src/stm32f1xx_it.c.obj
 .debug_aranges
                0x00000ce0       0x50 CMakeFiles/Nucleo_F103_Template.elf.dir/Core/Src/main.c.obj

.debug_str      0x00000000     0x3fe5
 .debug_str     0x00000000       0x79 CMakeFiles/Nucleo_F103_Template.elf.dir/Drivers/CMSIS/Device/startup_stm32f103xb.s.obj
 .debug_str     0x00000079      0x26b CMakeFiles/Nucleo_F103_Template.elf.dir/Drivers/CMSIS/Device/system_stm32f1xx.c.obj
                                0x2d9 (size before relaxing)
 .debug_str     0x000002e4      0x659 CMakeFiles/Nucleo_F103_Template.elf.dir/Drivers/STM32F1xx_HAL_Driver/Src/stm32f1xx_hal.c.obj
                                0x83f (size before relaxing)
 .debug_str     0x0000093d      0x391 CMakeFiles/Nucleo_F103_Template.elf.dir/Drivers/STM32F1xx_HAL_Driver/Src/stm32f1xx_hal_rcc.c.obj
                                0x646 (size before relaxing)
 .debug_str     0x00000cce      0x196 CMakeFiles/Nucleo_F103_Template.elf.dir/Drivers/STM32F1xx_HAL_Driver/Src/stm32f1xx_hal_gpio.c.obj
                                0x41b (size before relaxing)
 .debug_str     0x00000e64     0x13a8 CMakeFiles/Nucleo_F103_Template.elf.dir/Drivers/STM32F1xx_HAL_Driver/Src/stm32f1xx_hal_tim.c.obj
                               0x1653 (size before relaxing)
 .debug_str     0x0000220c      0x812 CMakeFiles/Nucleo_F103_Template.elf.dir/Drivers/STM32F1xx_HAL_Driver/Src/stm32f1xx_hal_uart.c.obj
                                0xca9 (size before relaxing)
 .debug_str     0x00002a1e      0x38b CMakeFiles/Nucleo_F103_Template.elf.dir/Drivers/STM32F1xx_HAL_Driver/Src/stm32f1xx_hal_cortex.c.obj
                                0x8ee (size before relaxing)
 .debug_str     0x00002da9      0x4ae CMakeFiles/Nucleo_F103_Template.elf.dir/Drivers/STM32F1xx_HAL_Driver/Src/stm32f1xx_hal_adc.c.obj
                                0x8f5 (size before relaxing)
 .debug_str     0x00003257      0xb54 CMakeFiles/Nucleo_F103_Template.elf.dir/Drivers/STM32F1xx_HAL_Driver/Src/stm32f1xx_hal_i2c.c.obj
                                0xfe0 (size before relaxing)
 .debug_str     0x00003dab       0x67 CMakeFiles/Nucleo_F103_Template.elf.dir/Core/Src/stm32f1xx_hal_msp.c.obj
                               0x10ab (size before relaxing)
 .debug_str     0x00003e12       0xeb CMakeFiles/Nucleo_F103_Template.elf.dir/Core/Src/stm32f1xx_it.c.obj
                                0x290 (size before relaxing)
 .debug_str     0x00003efd       0xe8 CMakeFiles/Nucleo_F103_Template.elf.dir/Core/Src/main.c.obj
                                0xf80 (size before relaxing)

.debug_ranges   0x00000000      0xd00
 .debug_ranges  0x00000000       0x20 CMakeFiles/Nucleo_F103_Template.elf.dir/Drivers/CMSIS/Device/startup_stm32f103xb.s.obj
 .debug_ranges  0x00000020       0x18 CMakeFiles/Nucleo_F103_Template.elf.dir/Drivers/CMSIS/Device/system_stm32f1xx.c.obj
 .debug_ranges  0x00000038       0xd0 CMakeFiles/Nucleo_F103_Template.elf.dir/Drivers/STM32F1xx_HAL_Driver/Src/stm32f1xx_hal.c.obj
 .debug_ranges  0x00000108       0xa0 CMakeFiles/Nucleo_F103_Template.elf.dir/Drivers/STM32F1xx_HAL_Driver/Src/stm32f1xx_hal_rcc.c.obj
 .debug_ranges  0x000001a8       0x48 CMakeFiles/Nucleo_F103_Template.elf.dir/Drivers/STM32F1xx_HAL_Driver/Src/stm32f1xx_hal_gpio.c.obj
 .debug_ranges  0x000001f0      0x3c0 CMakeFiles/Nucleo_F103_Template.elf.dir/Drivers/STM32F1xx_HAL_Driver/Src/stm32f1xx_hal_tim.c.obj
 .debug_ranges  0x000005b0      0x1f0 CMakeFiles/Nucleo_F103_Template.elf.dir/Drivers/STM32F1xx_HAL_Driver/Src/stm32f1xx_hal_uart.c.obj
 .debug_ranges  0x000007a0       0xe0 CMakeFiles/Nucleo_F103_Template.elf.dir/Drivers/STM32F1xx_HAL_Driver/Src/stm32f1xx_hal_cortex.c.obj
 .debug_ranges  0x00000880       0xe0 CMakeFiles/Nucleo_F103_Template.elf.dir/Drivers/STM32F1xx_HAL_Driver/Src/stm32f1xx_hal_adc.c.obj
 .debug_ranges  0x00000960      0x2b0 CMakeFiles/Nucleo_F103_Template.elf.dir/Drivers/STM32F1xx_HAL_Driver/Src/stm32f1xx_hal_i2c.c.obj
 .debug_ranges  0x00000c10       0x50 CMakeFiles/Nucleo_F103_Template.elf.dir/Core/Src/stm32f1xx_hal_msp.c.obj
 .debug_ranges  0x00000c60       0x60 CMakeFiles/Nucleo_F103_Template.elf.dir/Core/Src/stm32f1xx_it.c.obj
 .debug_ranges  0x00000cc0       0x40 CMakeFiles/Nucleo_F103_Template.elf.dir/Core/Src/main.c.obj

.debug_loc      0x00000000     0xca9b
 .debug_loc     0x00000000       0xff CMakeFiles/Nucleo_F103_Template.elf.dir/Drivers/CMSIS/Device/system_stm32f1xx.c.obj
 .debug_loc     0x000000ff      0x141 CMakeFiles/Nucleo_F103_Template.elf.dir/Drivers/STM32F1xx_HAL_Driver/Src/stm32f1xx_hal.c.obj
 .debug_loc     0x00000240      0x61d CMakeFiles/Nucleo_F103_Template.elf.dir/Drivers/STM32F1xx_HAL_Driver/Src/stm32f1xx_hal_rcc.c.obj
 .debug_loc     0x0000085d      0x47d CMakeFiles/Nucleo_F103_Template.elf.dir/Drivers/STM32F1xx_HAL_Driver/Src/stm32f1xx_hal_gpio.c.obj
 .debug_loc     0x00000cda     0x47a8 CMakeFiles/Nucleo_F103_Template.elf.dir/Drivers/STM32F1xx_HAL_Driver/Src/stm32f1xx_hal_tim.c.obj
 .debug_loc     0x00005482     0x2037 CMakeFiles/Nucleo_F103_Template.elf.dir/Drivers/STM32F1xx_HAL_Driver/Src/stm32f1xx_hal_uart.c.obj
 .debug_loc     0x000074b9      0x71f CMakeFiles/Nucleo_F103_Template.elf.dir/Drivers/STM32F1xx_HAL_Driver/Src/stm32f1xx_hal_cortex.c.obj
 .debug_loc     0x00007bd8      0xb03 CMakeFiles/Nucleo_F103_Template.elf.dir/Drivers/STM32F1xx_HAL_Driver/Src/stm32f1xx_hal_adc.c.obj
 .debug_loc     0x000086db     0x41d5 CMakeFiles/Nucleo_F103_Template.elf.dir/Drivers/STM32F1xx_HAL_Driver/Src/stm32f1xx_hal_i2c.c.obj
 .debug_loc     0x0000c8b0      0x1eb CMakeFiles/Nucleo_F103_Template.elf.dir/Core/Src/stm32f1xx_hal_msp.c.obj

.comment        0x00000000       0x49
 .comment       0x00000000       0x49 CMakeFiles/Nucleo_F103_Template.elf.dir/Drivers/CMSIS/Device/system_stm32f1xx.c.obj
                                 0x4a (size before relaxing)
 .comment       0x00000049       0x4a CMakeFiles/Nucleo_F103_Template.elf.dir/Drivers/STM32F1xx_HAL_Driver/Src/stm32f1xx_hal.c.obj
 .comment       0x00000049       0x4a CMakeFiles/Nucleo_F103_Template.elf.dir/Drivers/STM32F1xx_HAL_Driver/Src/stm32f1xx_hal_rcc.c.obj
 .comment       0x00000049       0x4a CMakeFiles/Nucleo_F103_Template.elf.dir/Drivers/STM32F1xx_HAL_Driver/Src/stm32f1xx_hal_gpio.c.obj
 .comment       0x00000049       0x4a CMakeFiles/Nucleo_F103_Template.elf.dir/Drivers/STM32F1xx_HAL_Driver/Src/stm32f1xx_hal_tim.c.obj
 .comment       0x00000049       0x4a CMakeFiles/Nucleo_F103_Template.elf.dir/Drivers/STM32F1xx_HAL_Driver/Src/stm32f1xx_hal_uart.c.obj
 .comment       0x00000049       0x4a CMakeFiles/Nucleo_F103_Template.elf.dir/Drivers/STM32F1xx_HAL_Driver/Src/stm32f1xx_hal_cortex.c.obj
 .comment       0x00000049       0x4a CMakeFiles/Nucleo_F103_Template.elf.dir/Drivers/STM32F1xx_HAL_Driver/Src/stm32f1xx_hal_adc.c.obj
 .comment       0x00000049       0x4a CMakeFiles/Nucleo_F103_Template.elf.dir/Drivers/STM32F1xx_HAL_Driver/Src/stm32f1xx_hal_i2c.c.obj
 .comment       0x00000049       0x4a CMakeFiles/Nucleo_F103_Template.elf.dir/Core/Src/stm32f1xx_hal_msp.c.obj
 .comment       0x00000049       0x4a CMakeFiles/Nucleo_F103_Template.elf.dir/Core/Src/stm32f1xx_it.c.obj
 .comment       0x00000049       0x4a CMakeFiles/Nucleo_F103_Template.elf.dir/Core/Src/main.c.obj

.debug_frame    0x00000000     0x2748
 .debug_frame   0x00000000       0x30 CMakeFiles/Nucleo_F103_Template.elf.dir/Drivers/CMSIS/Device/system_stm32f1xx.c.obj
 .debug_frame   0x00000030      0x1cc CMakeFiles/Nucleo_F103_Template.elf.dir/Drivers/STM32F1xx_HAL_Driver/Src/stm32f1xx_hal.c.obj
 .debug_frame   0x000001fc      0x18c CMakeFiles/Nucleo_F103_Template.elf.dir/Drivers/STM32F1xx_HAL_Driver/Src/stm32f1xx_hal_rcc.c.obj
 .debug_frame   0x00000388       0xe4 CMakeFiles/Nucleo_F103_Template.elf.dir/Drivers/STM32F1xx_HAL_Driver/Src/stm32f1xx_hal_gpio.c.obj
 .debug_frame   0x0000046c      0xb18 CMakeFiles/Nucleo_F103_Template.elf.dir/Drivers/STM32F1xx_HAL_Driver/Src/stm32f1xx_hal_tim.c.obj
 .debug_frame   0x00000f84      0x5c4 CMakeFiles/Nucleo_F103_Template.elf.dir/Drivers/STM32F1xx_HAL_Driver/Src/stm32f1xx_hal_uart.c.obj
 .debug_frame   0x00001548      0x118 CMakeFiles/Nucleo_F103_Template.elf.dir/Drivers/STM32F1xx_HAL_Driver/Src/stm32f1xx_hal_cortex.c.obj
 .debug_frame   0x00001660      0x2c8 CMakeFiles/Nucleo_F103_Template.elf.dir/Drivers/STM32F1xx_HAL_Driver/Src/stm32f1xx_hal_adc.c.obj
 .debug_frame   0x00001928      0x988 CMakeFiles/Nucleo_F103_Template.elf.dir/Drivers/STM32F1xx_HAL_Driver/Src/stm32f1xx_hal_i2c.c.obj
 .debug_frame   0x000022b0      0x10c CMakeFiles/Nucleo_F103_Template.elf.dir/Core/Src/stm32f1xx_hal_msp.c.obj
 .debug_frame   0x000023bc       0xd8 CMakeFiles/Nucleo_F103_Template.elf.dir/Core/Src/stm32f1xx_it.c.obj
 .debug_frame   0x00002494       0xc8 CMakeFiles/Nucleo_F103_Template.elf.dir/Core/Src/main.c.obj
 .debug_frame   0x0000255c       0x2c c:/progra~2/gcc-ar~1.10/bin/../lib/gcc/arm-none-eabi/10.3.1/../../../../arm-none-eabi/lib/thumb/v7-m/nofp\libc.a(lib_a-init.o)
 .debug_frame   0x00002588       0x2c c:/progra~2/gcc-ar~1.10/bin/../lib/gcc/arm-none-eabi/10.3.1/../../../../arm-none-eabi/lib/thumb/v7-m/nofp\libc.a(lib_a-memset.o)
 .debug_frame   0x000025b4       0x5c c:/progra~2/gcc-ar~1.10/bin/../lib/gcc/arm-none-eabi/10.3.1/../../../../arm-none-eabi/lib/thumb/v7-m/nofp\libc.a(lib_a-__call_atexit.o)
 .debug_frame   0x00002610       0x20 c:/progra~2/gcc-ar~1.10/bin/../lib/gcc/arm-none-eabi/10.3.1/../../../../arm-none-eabi/lib/thumb/v7-m/nofp\libc.a(lib_a-atexit.o)
 .debug_frame   0x00002630       0x34 c:/progra~2/gcc-ar~1.10/bin/../lib/gcc/arm-none-eabi/10.3.1/../../../../arm-none-eabi/lib/thumb/v7-m/nofp\libc.a(lib_a-fini.o)
 .debug_frame   0x00002664       0xb0 c:/progra~2/gcc-ar~1.10/bin/../lib/gcc/arm-none-eabi/10.3.1/../../../../arm-none-eabi/lib/thumb/v7-m/nofp\libc.a(lib_a-lock.o)
 .debug_frame   0x00002714       0x34 c:/progra~2/gcc-ar~1.10/bin/../lib/gcc/arm-none-eabi/10.3.1/../../../../arm-none-eabi/lib/thumb/v7-m/nofp\libc.a(lib_a-__atexit.o)
